RCE1
REEP1
FA2H
SDR16C5
RPN2
ATP11B
G6PD
LTC4S
VKORC1
RNF103
FDFT1
TRAM1
SERINC5
CALHM1
SYVN1
BSCL2
POMT2
PIGZ
MARCH6
KDELR3
YIF1A
PIGM
SLC35B1
SPTSSA
MGST1
H6PD
AGMO
CYP2U1
MOGAT3
MGST3
AGPAT6
ATP7A
SCD5
ATP11C
GPER
DOLK
KDELR1
ERGIC3
TMEM67
PIGO
ZDHHC16
SEC61A1
SPPL2C
WFS1
ORMDL3
ALG9
CDIPT
G6PC2
RHBDF1
MBOAT4
G6PC3
SC5DL
DGAT2
ACER1
TMEM109
MOGAT1
DRD1
PIGU
TMEM8B
ALG8
TRPM4
STT3B
PTPN5
ACER3
LRRC8C
PGAP3
PIGF
ITPR2
PSEN2
SPPL3
YIPF7
SLC37A4
RNF170
SRD5A3
TMEM106C
CERS5
ERMP1
FITM1
FAR2
ATP8A1
PTPLA
ALG12
PSEN1
DERL1
VMP1
TMEM189
ELOVL5
TXNRD3
UNC93B1
SLC9A1
DOLPP1
PIGB
ERGIC2
SREBF2
MOGAT2
LPCAT3
GRIA1
ELOVL2
TSPO2
CERS2
SQLE
ALG3
SGPP1
CERS6
PTPLAD2
RYR3
AGPAT3
SRD5A1
ATP2A1
PIGN
ZDHHC6
MARCH5
CDS1
GCLC
FADS2
APH1A
ATL3
TM7SF2
STT3A
ATL1
ATL2
TMEM147
SPCS2
DPM2
PORCN
ELOVL7
MGST2
CERS1
CLN8
INSIG1
CNIH
SPCS1
LPGAT1
ICMT
DNAJC14
TAP2
TMEM97
LMF1
SACM1L
JAGN1
HSD3B7
SERINC1
CYP4F12
GPAA1
G6PC
ATP11A
ERGIC1
ABCG1
TMEM43
EBPL
SLC17A3
PIGC
TBXAS1
SRD5A2
INSIG2
PIEZO1
SOAT2
NOX5
GSR
GPX7
SLC39A1
DEGS2
ALG10
LCLAT1
MFSD2A
ERO1L
ZMPSTE24
HHAT
RHBDF2
LPCAT4
ALG6
PIGY
ORMDL1
AGTRAP
ALOX5AP
ANO5
RTN4
SLC33A1
ELOVL1
BCAP29
TMC8
PSENEN
DPM3
MLC1
ALG11
CLCC1
CH25H
GGCX
DCSTAMP
PIGW
DGAT1
SGPP2
MAGT1
MSMO1
DUOXA2
RNF139
GRIA2
ATP2A2
SCAP
EI24
SEC63
POMT1
GPX8
GSG1
TECR
LMF2
STS
TMBIM6
UBIAD1
IER3IP1
EBP
PTPLAD1
PKD2
ELOVL6
RNF5
HERPUD1
CERS4
DEGS1
SSR3
PGAP1
ZDHHC9
TUSC3
ELOVL4
DPAGT1
ATP10D
SLC35D1
ARL6IP5
CNIH2
PTPLB
FADS1
ELOVL3
SLC27A5
ITPR1
HHATL
TAP1
AMFR
AGPAT9
ATP10A
RTN1
FADS3
SPTSSB
ATP2A3
ERO1LB
PIGV
TMEM38B
SEC22A
SOAT1
TMCO1
PIGS
HMGCR
SEC62
DGAT2L6
SEC22C
JKAMP
KDELR2
BCAP31
PANX1
DHCR7
TXNRD1
RTN2
PTDSS2
C14orf1
CLN6
WRB
SCD
ZFYVE27
TMC6
RTN3
PEMT
YIPF5
ITPR3
TRAM1L1
PPAPDC3
VMA21
DERL3
ATP10B
ORMDL2
BFAR
GPR37
PGAP2
FITM2
TMEM173
SEC61A2
KDSR
ATP8B1
NOX4
PTDSS1
HSD17B12
PEX16
PIGG
AWAT2
AWAT1
MEST
TPTE2
